/devkitadv/arm-agb-elf/bin/c++.exe
/devkitadv/arm-agb-elf/bin/g++.exe
/devkitadv/arm-agb-elf/bin/gcc.exe
/devkitadv/bin/arm-agb-elf-c++.exe
/devkitadv/bin/arm-agb-elf-cpp.exe
/devkitadv/bin/arm-agb-elf-g++.exe
/devkitadv/bin/arm-agb-elf-gcc.exe
/devkitadv/bin/c++.exe
/devkitadv/bin/g++.exe
/devkitadv/bin/gcc.exe
/devkitadv/bin/gccbug
/devkitadv/lib/gcc-lib/arm-agb-elf/3.0.2/cc1.exe
/devkitadv/lib/gcc-lib/arm-agb-elf/3.0.2/cc1plus.exe
/devkitadv/lib/gcc-lib/arm-agb-elf/3.0.2/collect2.exe
/devkitadv/lib/gcc-lib/arm-agb-elf/3.0.2/cpp0.exe
/devkitadv/lib/gcc-lib/arm-agb-elf/3.0.2/crtbegin.o
/devkitadv/lib/gcc-lib/arm-agb-elf/3.0.2/crtend.o
/devkitadv/lib/gcc-lib/arm-agb-elf/3.0.2/include/README
/devkitadv/lib/gcc-lib/arm-agb-elf/3.0.2/include/float.h
/devkitadv/lib/gcc-lib/arm-agb-elf/3.0.2/include/iso646.h
/devkitadv/lib/gcc-lib/arm-agb-elf/3.0.2/include/limits.h
/devkitadv/lib/gcc-lib/arm-agb-elf/3.0.2/include/proto.h
/devkitadv/lib/gcc-lib/arm-agb-elf/3.0.2/include/stdarg.h
/devkitadv/lib/gcc-lib/arm-agb-elf/3.0.2/include/stdbool.h
/devkitadv/lib/gcc-lib/arm-agb-elf/3.0.2/include/stddef.h
/devkitadv/lib/gcc-lib/arm-agb-elf/3.0.2/include/syslimits.h
/devkitadv/lib/gcc-lib/arm-agb-elf/3.0.2/include/varargs.h
/devkitadv/lib/gcc-lib/arm-agb-elf/3.0.2/interwork/crtbegin.o
/devkitadv/lib/gcc-lib/arm-agb-elf/3.0.2/interwork/crtend.o
/devkitadv/lib/gcc-lib/arm-agb-elf/3.0.2/interwork/libgcc.a
/devkitadv/lib/gcc-lib/arm-agb-elf/3.0.2/libgcc.a
/devkitadv/lib/gcc-lib/arm-agb-elf/3.0.2/specs
/devkitadv/lib/gcc-lib/arm-agb-elf/3.0.2/thumb/crtbegin.o
/devkitadv/lib/gcc-lib/arm-agb-elf/3.0.2/thumb/crtend.o
/devkitadv/lib/gcc-lib/arm-agb-elf/3.0.2/thumb/interwork/crtbegin.o
/devkitadv/lib/gcc-lib/arm-agb-elf/3.0.2/thumb/interwork/crtend.o
/devkitadv/lib/gcc-lib/arm-agb-elf/3.0.2/thumb/interwork/libgcc.a
/devkitadv/lib/gcc-lib/arm-agb-elf/3.0.2/thumb/libgcc.a
/devkitadv/lib/gcc-lib/arm-agb-elf/3.0.2/tradcpp0.exe
/devkitadv/gcc.lst
