/devkitadv/arm-agb-elf/include/_ansi.h
/devkitadv/arm-agb-elf/include/_syslist.h
/devkitadv/arm-agb-elf/include/ar.h
/devkitadv/arm-agb-elf/include/assert.h
/devkitadv/arm-agb-elf/include/ctype.h
/devkitadv/arm-agb-elf/include/dirent.h
/devkitadv/arm-agb-elf/include/errno.h
/devkitadv/arm-agb-elf/include/fastmath.h
/devkitadv/arm-agb-elf/include/fcntl.h
/devkitadv/arm-agb-elf/include/grp.h
/devkitadv/arm-agb-elf/include/ieeefp.h
/devkitadv/arm-agb-elf/include/locale.h
/devkitadv/arm-agb-elf/include/machine/fastmath.h
/devkitadv/arm-agb-elf/include/machine/ieeefp.h
/devkitadv/arm-agb-elf/include/machine/setjmp-dj.h
/devkitadv/arm-agb-elf/include/machine/setjmp.h
/devkitadv/arm-agb-elf/include/machine/time.h
/devkitadv/arm-agb-elf/include/machine/types.h
/devkitadv/arm-agb-elf/include/malloc.h
/devkitadv/arm-agb-elf/include/math.h
/devkitadv/arm-agb-elf/include/paths.h
/devkitadv/arm-agb-elf/include/process.h
/devkitadv/arm-agb-elf/include/pthread.h
/devkitadv/arm-agb-elf/include/pwd.h
/devkitadv/arm-agb-elf/include/reent.h
/devkitadv/arm-agb-elf/include/regdef.h
/devkitadv/arm-agb-elf/include/setjmp.h
/devkitadv/arm-agb-elf/include/signal.h
/devkitadv/arm-agb-elf/include/stdio.h
/devkitadv/arm-agb-elf/include/stdlib.h
/devkitadv/arm-agb-elf/include/string.h
/devkitadv/arm-agb-elf/include/sys/_types.h
/devkitadv/arm-agb-elf/include/sys/config.h
/devkitadv/arm-agb-elf/include/sys/dirent.h
/devkitadv/arm-agb-elf/include/sys/errno.h
/devkitadv/arm-agb-elf/include/sys/fcntl.h
/devkitadv/arm-agb-elf/include/sys/features.h
/devkitadv/arm-agb-elf/include/sys/file.h
/devkitadv/arm-agb-elf/include/sys/param.h
/devkitadv/arm-agb-elf/include/sys/reent.h
/devkitadv/arm-agb-elf/include/sys/resource.h
/devkitadv/arm-agb-elf/include/sys/sched.h
/devkitadv/arm-agb-elf/include/sys/signal.h
/devkitadv/arm-agb-elf/include/sys/stat-dj.h
/devkitadv/arm-agb-elf/include/sys/stat.h
/devkitadv/arm-agb-elf/include/sys/time.h
/devkitadv/arm-agb-elf/include/sys/timeb.h
/devkitadv/arm-agb-elf/include/sys/times.h
/devkitadv/arm-agb-elf/include/sys/types.h
/devkitadv/arm-agb-elf/include/sys/unistd.h
/devkitadv/arm-agb-elf/include/sys/utime.h
/devkitadv/arm-agb-elf/include/sys/wait.h
/devkitadv/arm-agb-elf/include/termios.h
/devkitadv/arm-agb-elf/include/time.h
/devkitadv/arm-agb-elf/include/unctrl.h
/devkitadv/arm-agb-elf/include/unistd.h
/devkitadv/arm-agb-elf/include/utime.h
/devkitadv/arm-agb-elf/include/utmp.h
/devkitadv/arm-agb-elf/lib/crt0.o
/devkitadv/arm-agb-elf/lib/interwork/crt0.o
/devkitadv/arm-agb-elf/lib/interwork/libc.a
/devkitadv/arm-agb-elf/lib/interwork/libg.a
/devkitadv/arm-agb-elf/lib/interwork/libiberty.a
/devkitadv/arm-agb-elf/lib/interwork/libm.a
/devkitadv/arm-agb-elf/lib/libc.a
/devkitadv/arm-agb-elf/lib/libg.a
/devkitadv/arm-agb-elf/lib/libiberty.a
/devkitadv/arm-agb-elf/lib/libm.a
/devkitadv/arm-agb-elf/lib/thumb/crt0.o
/devkitadv/arm-agb-elf/lib/thumb/interwork/crt0.o
/devkitadv/arm-agb-elf/lib/thumb/interwork/libc.a
/devkitadv/arm-agb-elf/lib/thumb/interwork/libg.a
/devkitadv/arm-agb-elf/lib/thumb/interwork/libiberty.a
/devkitadv/arm-agb-elf/lib/thumb/interwork/libm.a
/devkitadv/arm-agb-elf/lib/thumb/libc.a
/devkitadv/arm-agb-elf/lib/thumb/libg.a
/devkitadv/arm-agb-elf/lib/thumb/libiberty.a
/devkitadv/arm-agb-elf/lib/thumb/libm.a
/devkitadv/newlib.lst
