/devkitadv/arm-agb-elf/bin/ar.exe
/devkitadv/arm-agb-elf/bin/as.exe
/devkitadv/arm-agb-elf/bin/ld.exe
/devkitadv/arm-agb-elf/bin/nm.exe
/devkitadv/arm-agb-elf/bin/ranlib.exe
/devkitadv/arm-agb-elf/bin/strip.exe
/devkitadv/arm-agb-elf/lib/ldscripts/armaoutl.x
/devkitadv/arm-agb-elf/lib/ldscripts/armaoutl.xbn
/devkitadv/arm-agb-elf/lib/ldscripts/armaoutl.xn
/devkitadv/arm-agb-elf/lib/ldscripts/armaoutl.xr
/devkitadv/arm-agb-elf/lib/ldscripts/armaoutl.xu
/devkitadv/arm-agb-elf/lib/ldscripts/armcoff.x
/devkitadv/arm-agb-elf/lib/ldscripts/armcoff.xbn
/devkitadv/arm-agb-elf/lib/ldscripts/armcoff.xn
/devkitadv/arm-agb-elf/lib/ldscripts/armcoff.xr
/devkitadv/arm-agb-elf/lib/ldscripts/armcoff.xu
/devkitadv/arm-agb-elf/lib/ldscripts/armelf.x
/devkitadv/arm-agb-elf/lib/ldscripts/armelf.xbn
/devkitadv/arm-agb-elf/lib/ldscripts/armelf.xn
/devkitadv/arm-agb-elf/lib/ldscripts/armelf.xr
/devkitadv/arm-agb-elf/lib/ldscripts/armelf.xs
/devkitadv/arm-agb-elf/lib/ldscripts/armelf.xu
/devkitadv/arm-agb-elf/lib/ldscripts/armelf_agb.x
/devkitadv/arm-agb-elf/lib/ldscripts/armelf_agb.xbn
/devkitadv/arm-agb-elf/lib/ldscripts/armelf_agb.xn
/devkitadv/arm-agb-elf/lib/ldscripts/armelf_agb.xr
/devkitadv/arm-agb-elf/lib/ldscripts/armelf_agb.xu
/devkitadv/bin/addr2line.exe
/devkitadv/bin/ar.exe
/devkitadv/bin/arm-agb-elf-addr2line.exe
/devkitadv/bin/arm-agb-elf-ar.exe
/devkitadv/bin/arm-agb-elf-as.exe
/devkitadv/bin/arm-agb-elf-c++filt.exe
/devkitadv/bin/arm-agb-elf-gasp.exe
/devkitadv/bin/arm-agb-elf-ld.exe
/devkitadv/bin/arm-agb-elf-nm.exe
/devkitadv/bin/arm-agb-elf-objcopy.exe
/devkitadv/bin/arm-agb-elf-objdump.exe
/devkitadv/bin/arm-agb-elf-ranlib.exe
/devkitadv/bin/arm-agb-elf-readelf.exe
/devkitadv/bin/arm-agb-elf-size.exe
/devkitadv/bin/arm-agb-elf-strings.exe
/devkitadv/bin/arm-agb-elf-strip.exe
/devkitadv/bin/as.exe
/devkitadv/bin/c++file.exe
/devkitadv/bin/gasp.exe
/devkitadv/bin/ld.exe
/devkitadv/bin/nm.exe
/devkitadv/bin/objcopy.exe
/devkitadv/bin/objdump.exe
/devkitadv/bin/ranlib.exe
/devkitadv/bin/readelf.exe
/devkitadv/bin/size.exe
/devkitadv/bin/strings.exe
/devkitadv/bin/strip.exe
/devkitadv/include/ansidecl.h
/devkitadv/binutils.lst
